// Jest Snapshot v1, https://goo.gl/fbAQLP

exports[`should render properly 1`] = `
<DocumentFragment>
  <button
    aria-label="Close"
    class="chakra-icon-button css-fdaoze"
    data-testid="closebutton"
    type="button"
  >
    <svg
      aria-hidden="true"
      class="chakra-icon css-13otjrl"
      focusable="false"
      viewBox="0 0 24 24"
    >
      
    
      <g
        stroke="currentColor"
        strokewidth="1.5"
      >
        
      
        <path
          d="M9,9a3,3,0,1,1,4,2.829,1.5,1.5,0,0,0-1,1.415V14.25"
          fill="none"
          strokelinecap="round"
        />
        
      
        <path
          d="M12,17.25a.375.375,0,1,0,.375.375A.375.375,0,0,0,12,17.25h0"
          fill="currentColor"
          strokelinecap="round"
        />
        
      
        <circle
          cx="12"
          cy="12"
          fill="none"
          r="11.25"
          strokemiterlimit="10"
        />
        
    
      </g>
      
  
    </svg>
  </button>
</DocumentFragment>
`;
