// Jest Snapshot v1, https://goo.gl/fbAQLP

exports[`should render properly 1`] = `
<DocumentFragment>
  <code
    _css="[object Object]"
    class="css-0"
  >
    hello world
  </code>
  <code
    _css="[object Object]"
    class="css-0"
  >
     hello world, red 
  </code>
  <code
    _css="[object Object]"
    class="css-0"
  >
     hello world, green 
  </code>
  <code
    _css="[object Object]"
    class="css-0"
  >
     hello world, yellow 
  </code>
  <code
    _css="[object Object]"
    class="css-0"
  >
     hello world, teal 
  </code>
</DocumentFragment>
`;
