// Jest Snapshot v1, https://goo.gl/fbAQLP

exports[`should render properly 1`] = `
<DocumentFragment>
  <nav
    aria-label="breadcrumb"
    class="css-0"
  >
    <ol
      class="chakra-chakra-breadcrumb__list css-0"
    />
  </nav>
</DocumentFragment>
`;
